---
source: src/render.rs
expression: mermaid
---
graph LR
    subgraph 0 ["root"]
        direction LR
        style 0 color:#f00,fill:#0f0,stroke:#00f,stroke-width:4px
        1["1"]
        2["2"]
        1-->2
    end
