---
source: src/render.rs
expression: dot
---
digraph {
0 [shape=plain label=<<table border="1"><tr><td port="in0" align="text" colspan="2" cellpadding="1" >0</td><td port="in1" align="text" colspan="2" cellpadding="1" >1</td><td port="in2" align="text" colspan="2" cellpadding="1" >2</td></tr><tr><td align="text" border="0" colspan="6">0</td></tr><tr><td port="out0" align="text" colspan="3" cellpadding="1" >0</td><td port="out1" align="text" colspan="3" cellpadding="1" >1</td></tr></table>>]
1 [shape=plain label=<<table border="1"><tr><td align="text" border="0" colspan="1">1</td></tr><tr><td port="out0" align="text" colspan="1" cellpadding="1" >0</td></tr></table>>]
1:out0 -> 2:in0 [style=""]
2 [shape=plain label=<<table border="1"><tr><td port="in0" align="text" colspan="1" cellpadding="1" >0</td></tr><tr><td align="text" border="0" colspan="1">2</td></tr></table>>]
3 [shape=plain label=<<table border="1"><tr><td port="in0" align="text" colspan="1" cellpadding="1" >0</td></tr><tr><td align="text" border="0" colspan="1">3</td></tr><tr><td port="out0" align="text" colspan="1" cellpadding="1" >0</td></tr></table>>]
3:out0 -> 4:in0 [style=""]
4 [shape=plain label=<<table border="1"><tr><td port="in0" align="text" colspan="1" cellpadding="1" >0</td></tr><tr><td align="text" border="0" colspan="1">4</td></tr><tr><td port="out0" align="text" colspan="1" cellpadding="1" >0</td></tr></table>>]
hier0 [shape=plain label="0"]
hier0 -> hier1  [style = "dashed"] 
hier0 -> hier2  [style = "dashed"] 
hier1 [shape=plain label="1"]
hier1 -> hier3  [style = "dashed"] 
hier2 [shape=plain label="2"]
hier2 -> hier4  [style = "dashed"] 
hier3 [shape=plain label="3"]
hier4 [shape=plain label="4"]
}
