---
source: src/render.rs
expression: mermaid
---
graph LR
    2[2]
    1[1]
    0[0]
    0-->1
    0-->2
