---
source: src/render.rs
expression: mermaid
---
graph LR
    subgraph 0 [0]
        direction LR
        subgraph 1 [1]
            direction LR
            3[3]
            3-->4
        end
        1-->2
        subgraph 2 [2]
            direction LR
            4[4]
        end
    end
